key:
This isn't the greatest example sentence in the world because I've seen better. 
values:
This
is
n't
the
greatest
example
sentence
in
the
world
because
I
've
seen
better
.

key:
Neither is this one. 
values:
Neither
is
this
one
.

key:
This one's not bad, though. 
values:
This
one
's
not
bad
,
though
.

