key:
This isn't the greatest example sentence in the world because I've seen better. 
values:

key:
Neither is this one. 
values:
Neither
this
one

key:
This one's not bad, though. 
values:
one
's
not
bad
,
though

